  MLP          seed=42 S_emp=0.310
  MLP          seed=43 S_emp=0.290
  MLP          seed=44 S_emp=0.326
  MLP          seed=45 S_emp=0.287
  MLP          seed=46 S_emp=0.301
  LSTM         seed=42 S_emp=0.245
  LSTM         seed=43 S_emp=0.256
  LSTM         seed=44 S_emp=0.214
  LSTM         seed=45 S_emp=0.211
  LSTM         seed=46 S_emp=0.261
  Transformer  seed=42 S_emp=0.242
  Transformer  seed=43 S_emp=0.254
  Transformer  seed=44 S_emp=0.230
  Transformer  seed=45 S_emp=0.272
  Transformer  seed=46 S_emp=0.243
  FNO          seed=42 S_emp=3.568
  FNO          seed=43 S_emp=2.908
  FNO          seed=44 S_emp=2.225
  FNO          seed=45 S_emp=1.653
  FNO          seed=46 S_emp=2.379
  DeepONet     seed=42 S_emp=0.241
  DeepONet     seed=43 S_emp=0.267
  DeepONet     seed=44 S_emp=0.258
  DeepONet     seed=45 S_emp=0.292
  DeepONet     seed=46 S_emp=0.286
  LC-DeepONet  seed=42 S_emp=0.255
  LC-DeepONet  seed=43 S_emp=0.259
  LC-DeepONet  seed=44 S_emp=0.266
  LC-DeepONet  seed=45 S_emp=0.262
  LC-DeepONet  seed=46 S_emp=0.285
[saved] C:\Users\cp\WorkBuddy\2026-09-17-09-33-34\LC-DeepONet\results\e3b_sensitivity_per_seed.csv
[saved] C:\Users\cp\WorkBuddy\2026-09-17-09-33-34\LC-DeepONet\results\e3b_sensitivity_5seed.csv
      model  S_emp_mean  S_emp_std  ID_mean   ID_std  L_cert_mean  L_cert_std  eps_L_mean  eps_L_std  n
   DeepONet    0.268867   0.020778 0.011734 0.001072          NaN         NaN         NaN        NaN  5
        FNO    2.546816   0.725347 0.036947 0.000808          NaN         NaN         NaN        NaN  5
LC-DeepONet    0.265443   0.011566 0.011871 0.002573     3.892434    0.213818    0.039758   0.007952  5
       LSTM    0.237257   0.023593 0.013108 0.003009          NaN         NaN         NaN        NaN  5
        MLP    0.302741   0.015736 0.010253 0.000603          NaN         NaN         NaN        NaN  5
Transformer    0.248063   0.016110 0.029021 0.008209          NaN         NaN         NaN        NaN  5
